[unicc.am/index.html]
[backblue.gif]
[fade.gif]
[index.html]
[unicc.am/css/main.min.css]
[unicc.am/css/bootstrap.min.css]
[unicc.am/css/bootstrap-theme.min.css]
[unicc.am/css/nstyle.min.css]
[unicc.am/css/jquery.min.js]
[unicc.am/css/bootstrap.min.js]
[unicc.am/css/bootstrap-noconflict.js]
[unicc.am/js/user.js]
[unicc.am/js/sha1.js]
[unicc.am/images/logo.png]
[unicc.am/images/uniccshop.png]
[unicc.am/images/log_pass.png]
[unicc.am/register.html]
[unicc.am/index.html]
[unicc.am/css/placeholders.min.js]
[unicc.am/css/images/loading.gif]
[unicc.am/css/main.min.css]
[unicc.am/fonts/glyphicons-halflings-regular.eot]
[unicc.am/fonts/glyphicons-halflings-regular-.eot]
[unicc.am/fonts/glyphicons-halflings-regular.woff2]
[unicc.am/fonts/glyphicons-halflings-regular.woff]
[unicc.am/fonts/glyphicons-halflings-regular.ttf]
[unicc.am/fonts/glyphicons-halflings-regular.svg]
[unicc.am/css/bootstrap.min.css]
[unicc.am/css/bootstrap-theme.min.css]
[unicc.am/images/bg_top.png]
[unicc.am/images/tb_sprite.png]
[unicc.am/images/logout.png]
[unicc.am/images/bg_login.png]
[unicc.am/css/nstyle.min.css]
[unicc.am/images/select-arrow.png]
[unicc.am/css/select2.min.css]
[unicc.am/css/jquery-ui-no-conflict.min.js]
[unicc.am/login.html]
[unicc.am/register.html]
[unicc.am/css/images/loading.html]
[unicc.am/fonts/glyphicons-halflings-regular.html]
[unicc.am/fonts/glyphicons-halflings-regular-.html]
[unicc.am/fonts/glyphicons-halflings-regular-2.html]
[unicc.am/fonts/glyphicons-halflings-regular-3.html]
[unicc.am/fonts/glyphicons-halflings-regular-4.html]
[unicc.am/fonts/glyphicons-halflings-regular-5.html]
[unicc.am/css/select2.min.html]
[unicc.am/login.html]
[unicc.am/css/main.mina793.js]
